MAP
  NAME          ""
  CONFIG        "MS_ERRORFILE" "stderr"
  EXTENT        2 50 9 54
  UNITS         meters
  STATUS        ON

  RESOLUTION 91
  DEFRESOLUTION 91

  PROJECTION
    "init=epsg:4326"
  END      

  WEB
    METADATA
      "ows_enable_request"               "*"
      "ows_fees"                         "NONE"
      "ows_contactorganization"          "Unknown"
      "ows_schemas_location"             "http://schemas.opengis.net"
      "ows_service_onlineresource"       "http://localhost"
      "ows_contactperson"                "ContactCenter Unknown"
      "ows_contactposition"              "pointOfContact"
      "ows_contactvoicetelephone"        ""
      "ows_contactfacsimiletelephone"    ""
      "ows_addresstype"                  ""
      "ows_address"                      ""
      "ows_city"                         "City"
      "ows_stateorprovince"              ""
      "ows_postcode"                     ""
      "ows_country"                      "Country"
      "ows_contactelectronicmailaddress" "example@unknown.org"
      "ows_hoursofservice"               ""
      "ows_contactinstructions"          ""
      "ows_role"                         ""
      "ows_srs"                          "EPSG:4326 EPSG:3857 EPSG:4258 EPSG:900913 CRS:84"
      "ows_accessconstraints"            "otherRestrictions;http://creativecommons.org/publicdomain/mark/1.0"      
    END
  END

  OUTPUTFORMAT
    NAME "GEOJSON"
    DRIVER "OGR/GEOJSON"
    MIMETYPE "application/json; subtype=geojson"
    FORMATOPTION "STORAGE=stream"
    FORMATOPTION "FORM=SIMPLE"
    FORMATOPTION "USE_FEATUREID=true"
  END

  OUTPUTFORMAT
    NAME "JSON"
    DRIVER "OGR/GEOJSON"
    MIMETYPE "application/json"
    FORMATOPTION "STORAGE=stream"
    FORMATOPTION "FORM=SIMPLE"
    FORMATOPTION "USE_FEATUREID=true"    
  END

  OUTPUTFORMAT
    NAME "XML"
    DRIVER "OGR/GML"
    MIMETYPE "text/xml"
    FORMATOPTION "STORAGE=stream"
    FORMATOPTION "FORM=SIMPLE"
    FORMATOPTION "USE_FEATUREID=true"    
  END

  OUTPUTFORMAT
    NAME "GML3"
    DRIVER "OGR/GML"
    MIMETYPE "text/xml; subtype=gml/3.1.1"
    FORMATOPTION "STORAGE=stream"
    FORMATOPTION "FORM=SIMPLE"
    FORMATOPTION "USE_FEATUREID=true"    
  END

  OUTPUTFORMAT
    NAME "SVG"
    DRIVER CAIRO/SVG
    MIMETYPE "image/svg+xml"
    IMAGEMODE RGB
    EXTENSION "svg"
  END

  OUTPUTFORMAT
    NAME "mvt"
    DRIVER MVT  
    FORMATOPTION "EDGE_BUFFER=20"
    EXTENSION "pbf"
    FORMATOPTION "EXTENT=4096"
  END  

  WEB
    METADATA
      "ows_title"                      "Example"
      "ows_abstract"                   "Service containing a example"
      "ows_keywordlist"                "example,unknown"

      "wfs_extent"                     "2 50 9 54"
      "wfs_namespace_prefix"           "example"
      "wfs_namespace_uri"              "http://example.unknown.org"
      "wfs_getfeature_formatlist"      "GEOJSON,JSON,XML,GML3"
      "wfs_maxfeatures"                "1000"

      "wms_getmap_formatlist"          "image/png,image/jpeg,image/png; mode=8bit,image/vnd.jpeg-png,image/vnd.jpeg-png8,image/svg+xml"
      "wms_enable_request"             "* !GetStyles"         
      "wms_bbox_extended"              "true" 
      "wms_namespace_prefix"           "example"
      "wms_namespace_uri"              "http://example.unknown.org"
      "wms_feature_info_mime_type"     "application/json,application/json; subtype=geojson,application/vnd.ogc.gml,text/html,text/plain,text/xml,text/xml; subtype=gml/3.1.1"
    END
  END

  LAYER
    NAME "example"
    STATUS ON
    TYPE POLYGON

    METADATA
      "wfs_title"               "example"
      "wfs_abstract"            "Layer containing the example data"
      "wfs_srs"                 "EPSG:4326 EPSG:3857 EPSG:4258 EPSG:900913 CRS:84"      
      "wfs_extent"              "2 50 9 54"      
      "wfs_bbox_extended"       "true"
      "wfs_enable_request"      "*"

      "wfs_include_items"       "all"
      "gml_include_items"       "all"
      "gml_featureid"           "msfid"
      "gml_exclude_items"       "msfid" 
      "gml_geometries"          "geometry"
    
      "wms_title"               "example"

      "gml_geometries"          "geom"
      "wms_featureid"           "msfid" 
      "wms_extent"              "2 50 9 54"    
      "wms_abstract"            "Layer containing the example data"
      "wms_srs"                 "EPSG:4326 EPSG:3857 EPSG:4258 EPSG:900913 CRS:84"
      "wms_keywordlist"         "example,unknown"

      "wms_include_items"       "all" 
      "wms_exclude_items"       "msfid"
    END

    CLASSGROUP "example:style"
    CLASS
      NAME "example"
      GROUP "example:style"
      STYLE
        COLOR 230 230 0
      END
    END

    PROJECTION
      "init=epsg:4326"
    END

    CONNECTIONTYPE OGR
    CONNECTION "polygons.geojson"
    DATA "select fid as msfid, * from polygons"
    
    DUMP TRUE
    TEMPLATE /srv/data/example.html

  END # LAYER
END # MAP